StreamGasSnapshotTest:testGasAuctionBid() (gas: 84829)
StreamGasSnapshotTest:testGasAuctionSettlementWithBid() (gas: 166401)
StreamGasSnapshotTest:testGasCuratorRewardClaim() (gas: 99976)
StreamGasSnapshotTest:testGasDependencyScriptRead() (gas: 128149)
StreamGasSnapshotTest:testGasFinalOnchainTokenURI() (gas: 876754)
StreamGasSnapshotTest:testGasFixedPriceMint() (gas: 631750)