StreamGasSnapshotTest:testGasAuctionBid() (gas: 84476)
StreamGasSnapshotTest:testGasAuctionSettlementWithBid() (gas: 165405)
StreamGasSnapshotTest:testGasCuratorRewardClaim() (gas: 99663)
StreamGasSnapshotTest:testGasDependencyScriptRead() (gas: 125044)
StreamGasSnapshotTest:testGasFinalOnchainTokenURI() (gas: 874304)
StreamGasSnapshotTest:testGasFixedPriceMint() (gas: 627264)