StreamGasSnapshotTest:testGasAuctionBid() (gas: 84476)
StreamGasSnapshotTest:testGasAuctionSettlementWithBid() (gas: 165417)
StreamGasSnapshotTest:testGasCuratorRewardClaim() (gas: 99663)
StreamGasSnapshotTest:testGasDependencyScriptRead() (gas: 124999)
StreamGasSnapshotTest:testGasFinalOnchainTokenURI() (gas: 876897)
StreamGasSnapshotTest:testGasFixedPriceMint() (gas: 622413)